[
	{"Name":"Posun_vpred","Description":"Zadaj pr\u00EDkaz posun vpred a spusti anim\u00E1ciu!","SizeX":2,"SizeY":2,"Files":{"REWARD":"images/defaultMap/reward.svg","RECTANGLE":"images/defaultMap/rectangle.svg","BARRIER":"images/defaultMap/barrier.svg","FINISH":"images/defaultMap/finish.svg"},"Blocks":[{"Type":3,"X":1,"Y":0}]},
	{"Name":"Otočnie_1","Description":"Zadaj pr\u00EDkazy oto\u010Denie doprava, posun vpred a spusti anim\u00E1ciu!","SizeX":2,"SizeY":2,"Files":{"REWARD":"images/defaultMap/reward.svg","RECTANGLE":"images/defaultMap/rectangle.svg","BARRIER":"images/defaultMap/barrier.svg","FINISH":"images/defaultMap/finish.svg"},"Blocks":[{"Type":3,"X":0,"Y":1}]},
	{"Name":"Otočnie_2","Description":"Zadaj spr\u00E1vne pr\u00EDkazy pre presun do \u00FA\u013Eu!","SizeX":2,"SizeY":2,"Files":{"REWARD":"images/defaultMap/reward.svg","RECTANGLE":"images/defaultMap/rectangle.svg","BARRIER":"images/defaultMap/barrier.svg","FINISH":"images/defaultMap/finish.svg"},"Blocks":[{"Type":3,"X":1,"Y":1}]},
	{"Name":"Prekážka","Description":"Ob\u00ED\u010F prek\u00E1\u017Eku a dosta\u0148 sa do \u00FA\u013Eu!","SizeX":3,"SizeY":2,"Files":{"REWARD":"images/defaultMap/reward.svg","RECTANGLE":"images/defaultMap/rectangle.svg","BARRIER":"images/defaultMap/barrier.svg","FINISH":"images/defaultMap/finish.svg"},"Blocks":[{"Type":1,"X":1,"Y":0},{"Type":3,"X":2,"Y":0}]},
	{"Name":"Kvetiny","Description":"Pozbieraj v\u0161etky kvetiny a dosta\u0148 sa do \u00FA\u013Eu!","SizeX":3,"SizeY":3,"Files":{"REWARD":"images/defaultMap/reward.svg","RECTANGLE":"images/defaultMap/rectangle.svg","BARRIER":"images/defaultMap/barrier.svg","FINISH":"images/defaultMap/finish.svg"},"Blocks":[{"Type":2,"X":0,"Y":2},{"Type":2,"X":1,"Y":1},{"Type":2,"X":2,"Y":0},{"Type":3,"X":2,"Y":2}]},
	{"Name":"Základná_mapa","Description":"Pozbieraj v\u0161etky kvetiny, vyhni sa kr\u00EDkom a dosta\u0148 sa do \u00FA\u013Eu!","SizeX":3,"SizeY":3,"Files":{"REWARD":"images/defaultMap/reward.svg","RECTANGLE":"images/defaultMap/rectangle.svg","BARRIER":"images/defaultMap/barrier.svg","FINISH":"images/defaultMap/finish.svg"},"Blocks":[{"Type":2,"X":0,"Y":2},{"Type":1,"X":1,"Y":0},{"Type":2,"X":1,"Y":1},{"Type":1,"X":1,"Y":2},{"Type":3,"X":2,"Y":0},{"Type":2,"X":2,"Y":2}]}
]
